UserName___: 
Data_Time__: 09/09/2026_10:23:07
DbName_____: 
Form_Sub___: FRMCLIENTITEL_SELEZIONE
Error______: -2147217833_LA CONVERSIONE DEL VALORE VARCHAR '3396797964' HA CAUSATO L'OVERFLOW DI UNA COLONNA INT.
--------------------------------------------------------------------------------
UserName___: 
Data_Time__: 09/09/2026_10:23:10
DbName_____: 
Form_Sub___: FRMCLIENTITEL_SELEZIONE
Error______: 3704_L'OPERAZIONE NON È CONSENTITA SE L'OGGETTO È CHIUSO.
--------------------------------------------------------------------------------
UserName___: 
Data_Time__: 09/09/2026_10:23:11
DbName_____: 
Form_Sub___: FRMCLIENTITEL_SELEZIONE
Error______: 3704_L'OPERAZIONE NON È CONSENTITA SE L'OGGETTO È CHIUSO.
--------------------------------------------------------------------------------
UserName___: 
Data_Time__: 09/09/2026_10:23:11
DbName_____: 
Form_Sub___: FRMCLIENTITEL_SELEZIONE
Error______: 3704_L'OPERAZIONE NON È CONSENTITA SE L'OGGETTO È CHIUSO.
--------------------------------------------------------------------------------
UserName___: 
Data_Time__: 09/09/2026_10:23:12
DbName_____: 
Form_Sub___: FRMCLIENTITEL_SELEZIONE
Error______: 3704_L'OPERAZIONE NON È CONSENTITA SE L'OGGETTO È CHIUSO.
--------------------------------------------------------------------------------
UserName___: 
Data_Time__: 09/09/2026_10:23:12
DbName_____: 
Form_Sub___: FRMCLIENTITEL_SELEZIONE
Error______: 3704_L'OPERAZIONE NON È CONSENTITA SE L'OGGETTO È CHIUSO.
--------------------------------------------------------------------------------
UserName___: 
Data_Time__: 09/09/2026_10:23:13
DbName_____: 
Form_Sub___: FRMCLIENTITEL_SELEZIONE
Error______: 3704_L'OPERAZIONE NON È CONSENTITA SE L'OGGETTO È CHIUSO.
--------------------------------------------------------------------------------
UserName___: 
Data_Time__: 09/09/2026_10:23:13
DbName_____: 
Form_Sub___: FRMCLIENTITEL_SELEZIONE
Error______: 3704_L'OPERAZIONE NON È CONSENTITA SE L'OGGETTO È CHIUSO.
--------------------------------------------------------------------------------
UserName___: 
Data_Time__: 09/09/2026_10:23:14
DbName_____: 
Form_Sub___: FRMCLIENTITEL_SELEZIONE
Error______: 3704_L'OPERAZIONE NON È CONSENTITA SE L'OGGETTO È CHIUSO.
--------------------------------------------------------------------------------
UserName___: 
Data_Time__: 09/09/2026_10:23:14
DbName_____: 
Form_Sub___: FRMCLIENTITEL_SELEZIONE
Error______: 3704_L'OPERAZIONE NON È CONSENTITA SE L'OGGETTO È CHIUSO.
--------------------------------------------------------------------------------
